Microchip MPLAB XC8 Compiler V2.20

Linker command line:

-W-3 --edf=C:\Program Files\Microchip\xc8\v2.20\pic\dat\en_msgs.txt -cn \
  -h+dist/default/production\teste.X.production.sym \
  --cmf=dist/default/production\teste.X.production.cmf -z -Q18F4520 \
  -oC:\Users\WINDOW~1\AppData\Local\Temp\sfig.2 --defsym=__MPLAB_BUILD=1 \
  -Mdist/default/production/teste.X.production.map -E1 -ver=XC8 Compiler \
  --acfsm=1493 -ASTACK=080h-05FFh -pstack=STACK -ACODE=00h-07FFFh \
  -ACONST=00h-07FFFh -ASMALLCONST=0600h-06FFhx122 \
  -AMEDIUMCONST=0600h-07FFFh -ACOMRAM=01h-07Fh -AABS1=00h-05FFh \
  -ABIGRAM=01h-05FFh -ARAM=080h-0FFh,0100h-01FFhx5 -ABANK0=080h-0FFh \
  -ABANK1=0100h-01FFh -ABANK2=0200h-02FFh -ABANK3=0300h-03FFh \
  -ABANK4=0400h-04FFh -ABANK5=0500h-05FFh -ASFR=0F80h-0FFFh \
  -ACONFIG=0300000h-030000Dh -AIDLOC=0200000h-0200007h \
  -preset_vec=00h,intcode,intcodelo,powerup,init -pramtop=0600h \
  -psmallconst=SMALLCONST -pmediumconst=MEDIUMCONST -pconst=CONST \
  -AFARRAM=00h-00h -AEEDATA=0F00000h-0F000FFh -peeprom_data=EEDATA \
  -prdata=COMRAM,nvrram=COMRAM,nvbit=COMRAM,rbss=COMRAM,rbit=COMRAM \
  -pfarbss=FARRAM,fardata=FARRAM,nvFARRAM=FARRAM \
  -pintsave_regs=BIGRAM,bigbss=BIGRAM,bigdata=BIGRAM -pbss=RAM \
  -pidata=CODE,irdata=CODE,ibigdata=CODE,ifardata=CODE -prparam=COMRAM \
  C:\Users\WINDOW~1\AppData\Local\Temp\sfig.o \
  dist/default/production\teste.X.production.o 

Object code version is 3.11

Machine type is 18F4520



                Name                               Link     Load   Length Selector   Space Scale
C:\Users\WINDOW~1\AppData\Local\Temp\sfig.o
                idloc                            200000   200000        8        0       5
                config                           300000   300000        E        0       4
                init                                  0        0        4        0       0
dist/default/production\teste.X.production.o
                idloc                            200000   200000        8        0       5
                config                           300000   300000        E        0       4
                mediumconst                        7E4C     7E4C      1B4     3F26       0
                text37                             7008     7008        E     3804       0
                text36                             7016     7016        E     380B       0
                text35                             705E     705E       18     382F       0
                text34                             7076     7076       1C     383B       0
                text33                             7146     7146       2A     38A3       0
                text32                             72C4     72C4       5E     3962       0
                text31                             7034     7034       14     381A       0
                text30                             6FCC     6FCC        A     37E6       0
                text29                             7402     7402       80     3A01       0
                text28                             6FB4     6FB4        4     37DA       0
                text27                             71DA     71DA       4A     38ED       0
                text26                             7224     7224       4A     3912       0
                text25                             6FD6     6FD6        A     37EB       0
                text24                             6FB8     6FB8        4     37DC       0
                text23                             6FE0     6FE0        A     37F0       0
                text22                             7532     7532       C4     3A99       0
                text21                             7482     7482       B0     3A41       0
                text20                             7048     7048       16     3824       0
                text19                             77A2     77A2       FA     3BD1       0
                text18                             75F6     75F6       CA     3AFB       0
                text17                             726E     726E       56     3937       0
                text16                             7BB2     7BB2      29A     3DD9       0
                text15                             6FEA     6FEA        A     37F5       0
                text14                             6FF4     6FF4        A     37FA       0
                text13                             6FBC     6FBC        8     37DE       0
                text12                             6FFE     6FFE        A     37FF       0
                text11                             789C     789C      10C     3C4E       0
                text10                             70D2     70D2       26     3869       0
                text9                              738E     738E       74     39C7       0
                text8                              70F8     70F8       26     387C       0
                text7                              7322     7322       6C     3991       0
                text6                              76C0     76C0       E2     3B60       0
                text5                              79A8     79A8      20A     3CD4       0
                text4                              6FC4     6FC4        8     37E2       0
                text3                              70B0     70B0       22     3858       0
                text2                              7024     7024       10     3812       0
                text1                              7092     7092       1E     3849       0
                text0                              7170     7170       34     38B8       0
                cstackCOMRAM                         29       29       1D        1       1
                dataCOMRAM                            1        1       28        1       1
                bssCOMRAM                            46       46       12        1       1
                cinit                              71A4     71A4       36     38D2       0
                idataCOMRAM                        711E     711E       28     711E       0

TOTAL           Name                               Link     Load   Length     Space
        CLASS   STACK          

        CLASS   CODE           
                init                                  0        0        4         0
                text37                             7008     7008        E         0
                text36                             7016     7016        E         0
                text35                             705E     705E       18         0
                text34                             7076     7076       1C         0
                text33                             7146     7146       2A         0
                text32                             72C4     72C4       5E         0
                text31                             7034     7034       14         0
                text30                             6FCC     6FCC        A         0
                text29                             7402     7402       80         0
                text28                             6FB4     6FB4        4         0
                text27                             71DA     71DA       4A         0
                text26                             7224     7224       4A         0
                text25                             6FD6     6FD6        A         0
                text24                             6FB8     6FB8        4         0
                text23                             6FE0     6FE0        A         0
                text22                             7532     7532       C4         0
                text21                             7482     7482       B0         0
                text20                             7048     7048       16         0
                text19                             77A2     77A2       FA         0
                text18                             75F6     75F6       CA         0
                text17                             726E     726E       56         0
                text16                             7BB2     7BB2      29A         0
                text15                             6FEA     6FEA        A         0
                text14                             6FF4     6FF4        A         0
                text13                             6FBC     6FBC        8         0
                text12                             6FFE     6FFE        A         0
                text11                             789C     789C      10C         0
                text10                             70D2     70D2       26         0
                text9                              738E     738E       74         0
                text8                              70F8     70F8       26         0
                text7                              7322     7322       6C         0
                text6                              76C0     76C0       E2         0
                text5                              79A8     79A8      20A         0
                text4                              6FC4     6FC4        8         0
                text3                              70B0     70B0       22         0
                text2                              7024     7024       10         0
                text1                              7092     7092       1E         0
                text0                              7170     7170       34         0
                cinit                              71A4     71A4       36         0
                idataCOMRAM                        711E     711E       28         0

        CLASS   CONST          

        CLASS   SMALLCONST     

        CLASS   MEDIUMCONST    
                mediumconst                        7E4C     7E4C      1B4         0

        CLASS   COMRAM         
                cstackCOMRAM                         29       29       1D         1
                dataCOMRAM                            1        1       28         1
                bssCOMRAM                            46       46       12         1

        CLASS   ABS1           

        CLASS   BIGRAM         

        CLASS   RAM            

        CLASS   BANK0          

        CLASS   BANK1          

        CLASS   BANK2          

        CLASS   BANK3          

        CLASS   BANK4          

        CLASS   BANK5          

        CLASS   SFR            

        CLASS   CONFIG         
                config                           300000   300000        E         4

        CLASS   IDLOC          
                idloc                            200000   200000        8         5

        CLASS   FARRAM         

        CLASS   EEDATA         



SEGMENTS        Name                           Load    Length   Top    Selector   Space  Class

                reset_vec                      000000  000004  000004         0       0  CODE    
                dataCOMRAM                     000001  000057  000058         1       1  COMRAM  
                text28                         006FB4  000004  006FB8      37DA       0  CODE    
                text24                         006FB8  000004  006FBC      37DC       0  CODE    
                text13                         006FBC  000008  006FC4      37DE       0  CODE    
                text4                          006FC4  000008  006FCC      37E2       0  CODE    
                text30                         006FCC  00000A  006FD6      37E6       0  CODE    
                text25                         006FD6  00000A  006FE0      37EB       0  CODE    
                text23                         006FE0  00000A  006FEA      37F0       0  CODE    
                text15                         006FEA  00000A  006FF4      37F5       0  CODE    
                text14                         006FF4  00000A  006FFE      37FA       0  CODE    
                text12                         006FFE  00000A  007008      37FF       0  CODE    
                text37                         007008  00000E  007016      3804       0  CODE    
                text36                         007016  00000E  007024      380B       0  CODE    
                text2                          007024  000010  007034      3812       0  CODE    
                text31                         007034  000014  007048      381A       0  CODE    
                text20                         007048  000016  00705E      3824       0  CODE    
                text35                         00705E  000018  007076      382F       0  CODE    
                text34                         007076  00001C  007092      383B       0  CODE    
                text1                          007092  00001E  0070B0      3849       0  CODE    
                text3                          0070B0  000022  0070D2      3858       0  CODE    
                text10                         0070D2  000026  0070F8      3869       0  CODE    
                text8                          0070F8  000026  00711E      387C       0  CODE    
                idataCOMRAM                    00711E  000028  007146      711E       0  CODE    
                text33                         007146  00002A  007170      38A3       0  CODE    
                text0                          007170  000034  0071A4      38B8       0  CODE    
                cinit                          0071A4  000036  0071DA      38D2       0  CODE    
                text27                         0071DA  00004A  007224      38ED       0  CODE    
                text26                         007224  00004A  00726E      3912       0  CODE    
                text17                         00726E  000056  0072C4      3937       0  CODE    
                text32                         0072C4  00005E  007322      3962       0  CODE    
                text7                          007322  00006C  00738E      3991       0  CODE    
                text9                          00738E  000074  007402      39C7       0  CODE    
                text29                         007402  000080  007482      3A01       0  CODE    
                text21                         007482  0000B0  007532      3A41       0  CODE    
                text22                         007532  0000C4  0075F6      3A99       0  CODE    
                text18                         0075F6  0000CA  0076C0      3AFB       0  CODE    
                text6                          0076C0  0000E2  0077A2      3B60       0  CODE    
                text19                         0077A2  0000FA  00789C      3BD1       0  CODE    
                text11                         00789C  00010C  0079A8      3C4E       0  CODE    
                text5                          0079A8  00020A  007BB2      3CD4       0  CODE    
                text16                         007BB2  00029A  007E4C      3DD9       0  CODE    
                mediumconst                    007E4C  0001B4  008000      3F26       0  MEDIUMCO


UNUSED ADDRESS RANGES

        Name                Unused          Largest block    Delta
        BANK0            000080-0000FF               80
        BANK1            000100-0001FF              100
        BANK2            000200-0002FF              100
        BANK3            000300-0003FF              100
        BANK4            000400-0004FF              100
        BANK5            000500-0005FF              100
        BIGRAM           000058-0005FF              5A8
        CODE             000004-006FB3             6FB0
        COMRAM           000058-00007F               28
        CONST            000004-006FB3             6FB0
        EEDATA           F00000-F000FF              100
        MEDIUMCONST      000600-006FB3             69B4
        RAM              000080-0005FF              100
        SFR              000F80-000FFF               80
        SMALLCONST       000600-006FB3              100
        STACK            000080-0005FF              580

                                  Symbol Table

?___aldiv                   cstackCOMRAM 000029
?___awdiv                   cstackCOMRAM 000029
?___awmod                   cstackCOMRAM 000031
?___lwdiv                   cstackCOMRAM 000029
?___wmul                    cstackCOMRAM 000029
?_adcRead1                  cstackCOMRAM 000029
?_adcRead2                  cstackCOMRAM 000029
?_eventRead                 cstackCOMRAM 000029
?_getAlarmLevel             cstackCOMRAM 000029
?_getTime                   cstackCOMRAM 000029
Delay2ms@i                  cstackCOMRAM 00002A
Delay40us@i                 cstackCOMRAM 000029
_Delay2ms                   text34       007076
_Delay40us                  text35       00705E
__HRAM                      (abs)        000000
__Habs1                     abs1         000000
__Hbank0                    bank0        000000
__Hbank1                    bank1        000000
__Hbank2                    bank2        000000
__Hbank3                    bank3        000000
__Hbank4                    bank4        000000
__Hbank5                    bank5        000000
__Hbigbss                   bigbss       000000
__Hbigdata                  bigdata      000000
__Hbigram                   bigram       000000
__Hbss                      bss          000000
__HbssCOMRAM                bssCOMRAM    000000
__Hcinit                    cinit        000000
__Hclrtext                  clrtext      000000
__Hcomram                   comram       000000
__Hconfig                   config       30000E
__Hconst                    const        000000
__HcstackCOMRAM             cstackCOMRAM 000000
__Hdata                     data         000000
__HdataCOMRAM               dataCOMRAM   000000
__Heeprom_data              eeprom_data  000000
__Hfarbss                   farbss       000000
__Hfardata                  fardata      000000
__Hibigdata                 ibigdata     000000
__Hidata                    idata        000000
__HidataCOMRAM              idataCOMRAM  000000
__Hidloc                    idloc        200008
__Hifardata                 ifardata     000000
__Hinit                     init         000004
__Hintcode                  intcode      000000
__Hintcode_body             intcode_body 000000
__Hintcodelo                intcodelo    000000
__Hintentry                 intentry     000000
__Hintret                   intret       000000
__Hintsave_regs             intsave_regs 000000
__Hirdata                   irdata       000000
__Hmediumconst              mediumconst  008000
__HnvFARRAM                 nvFARRAM     000000
__Hnvbit                    nvbit        000000
__Hnvrram                   nvrram       000000
__Hparam                    rparam       000000
__Hpowerup                  powerup      000000
__Hram                      ram          000000
__Hramtop                   ramtop       000600
__Hrbit                     rbit         000000
__Hrbss                     rbss         000000
__Hrdata                    rdata        000000
__Hreset_vec                reset_vec    000000
__Hrparam                   rparam       000000
__Hsfr                      sfr          000000
__Hsmallconst               smallconst   000000
__Hspace_0                  (abs)        008000
__Hspace_1                  (abs)        000058
__Hspace_2                  (abs)        000000
__Hspace_4                  (abs)        60000E
__Hstack                    stack        000000
__Hstruct                   struct       000000
__Htemp                     temp         000000
__Htext                     text         000000
__Htext0                    text0        000000
__Htext1                    text1        000000
__Htext10                   text10       000000
__Htext11                   text11       000000
__Htext12                   text12       000000
__Htext13                   text13       000000
__Htext14                   text14       000000
__Htext15                   text15       000000
__Htext16                   text16       000000
__Htext17                   text17       000000
__Htext18                   text18       000000
__Htext19                   text19       000000
__Htext2                    text2        000000
__Htext20                   text20       000000
__Htext21                   text21       000000
__Htext22                   text22       000000
__Htext23                   text23       000000
__Htext24                   text24       000000
__Htext25                   text25       000000
__Htext26                   text26       000000
__Htext27                   text27       000000
__Htext28                   text28       000000
__Htext29                   text29       000000
__Htext3                    text3        000000
__Htext30                   text30       000000
__Htext31                   text31       000000
__Htext32                   text32       000000
__Htext33                   text33       000000
__Htext34                   text34       000000
__Htext35                   text35       000000
__Htext36                   text36       000000
__Htext37                   text37       000000
__Htext4                    text4        000000
__Htext5                    text5        000000
__Htext6                    text6        000000
__Htext7                    text7        000000
__Htext8                    text8        000000
__Htext9                    text9        000000
__LRAM                      (abs)        000001
__Labs1                     abs1         000000
__Lbank0                    bank0        000000
__Lbank1                    bank1        000000
__Lbank2                    bank2        000000
__Lbank3                    bank3        000000
__Lbank4                    bank4        000000
__Lbank5                    bank5        000000
__Lbigbss                   bigbss       000000
__Lbigdata                  bigdata      000000
__Lbigram                   bigram       000000
__Lbss                      bss          000000
__LbssCOMRAM                bssCOMRAM    000000
__Lcinit                    cinit        000000
__Lclrtext                  clrtext      000000
__Lcomram                   comram       000000
__Lconfig                   config       000000
__Lconst                    const        000000
__LcstackCOMRAM             cstackCOMRAM 000000
__Ldata                     data         000000
__LdataCOMRAM               dataCOMRAM   000000
__Leeprom_data              eeprom_data  000000
__Lfarbss                   farbss       000000
__Lfardata                  fardata      000000
__Libigdata                 ibigdata     000000
__Lidata                    idata        000000
__LidataCOMRAM              idataCOMRAM  000000
__Lidloc                    idloc        000000
__Lifardata                 ifardata     000000
__Linit                     init         000000
__Lintcode                  intcode      000000
__Lintcode_body             intcode_body 000000
__Lintcodelo                intcodelo    000000
__Lintentry                 intentry     000000
__Lintret                   intret       000000
__Lintsave_regs             intsave_regs 000000
__Lirdata                   irdata       000000
__Lmediumconst              mediumconst  007E4C
__LnvFARRAM                 nvFARRAM     000000
__Lnvbit                    nvbit        000000
__Lnvrram                   nvrram       000000
__Lparam                    rparam       000000
__Lpowerup                  powerup      000000
__Lram                      ram          000000
__Lramtop                   ramtop       000600
__Lrbit                     rbit         000000
__Lrbss                     rbss         000000
__Lrdata                    rdata        000000
__Lreset_vec                reset_vec    000000
__Lrparam                   rparam       000000
__Lsfr                      sfr          000000
__Lsmallconst               smallconst   000000
__Lspace_0                  (abs)        000000
__Lspace_1                  (abs)        000000
__Lspace_2                  (abs)        000000
__Lspace_4                  (abs)        000000
__Lstack                    stack        000000
__Lstruct                   struct       000000
__Ltemp                     temp         000000
__Ltext                     text         000000
__Ltext0                    text0        000000
__Ltext1                    text1        000000
__Ltext10                   text10       000000
__Ltext11                   text11       000000
__Ltext12                   text12       000000
__Ltext13                   text13       000000
__Ltext14                   text14       000000
__Ltext15                   text15       000000
__Ltext16                   text16       000000
__Ltext17                   text17       000000
__Ltext18                   text18       000000
__Ltext19                   text19       000000
__Ltext2                    text2        000000
__Ltext20                   text20       000000
__Ltext21                   text21       000000
__Ltext22                   text22       000000
__Ltext23                   text23       000000
__Ltext24                   text24       000000
__Ltext25                   text25       000000
__Ltext26                   text26       000000
__Ltext27                   text27       000000
__Ltext28                   text28       000000
__Ltext29                   text29       000000
__Ltext3                    text3        000000
__Ltext30                   text30       000000
__Ltext31                   text31       000000
__Ltext32                   text32       000000
__Ltext33                   text33       000000
__Ltext34                   text34       000000
__Ltext35                   text35       000000
__Ltext36                   text36       000000
__Ltext37                   text37       000000
__Ltext4                    text4        000000
__Ltext5                    text5        000000
__Ltext6                    text6        000000
__Ltext7                    text7        000000
__Ltext8                    text8        000000
__Ltext9                    text9        000000
__S0                        (abs)        008000
__S1                        (abs)        000058
__S2                        (abs)        000000
__S4                        (abs)        000000
__S5                        (abs)        000000
___aldiv                    text11       00789C
___aldiv@counter            cstackCOMRAM 000031
___aldiv@dividend           cstackCOMRAM 000029
___aldiv@divisor            cstackCOMRAM 00002D
___aldiv@quotient           cstackCOMRAM 000033
___aldiv@sign               cstackCOMRAM 000032
___awdiv                    text22       007532
___awdiv@counter            cstackCOMRAM 00002D
___awdiv@dividend           cstackCOMRAM 000029
___awdiv@divisor            cstackCOMRAM 00002B
___awdiv@quotient           cstackCOMRAM 00002F
___awdiv@sign               cstackCOMRAM 00002E
___awmod                    text21       007482
___awmod@counter            cstackCOMRAM 000035
___awmod@dividend           cstackCOMRAM 000031
___awmod@divisor            cstackCOMRAM 000033
___awmod@sign               cstackCOMRAM 000036
___inthi_sp                 stack        000000
___intlo_sp                 stack        000000
___lwdiv                    text9        00738E
___lwdiv@counter            cstackCOMRAM 00002F
___lwdiv@dividend           cstackCOMRAM 000029
___lwdiv@divisor            cstackCOMRAM 00002B
___lwdiv@quotient           cstackCOMRAM 00002D
___param_bank               (abs)        000000
___rparam_used              (abs)        000001
___sp                       stack        000000
___wmul                     text8        0070F8
___wmul@multiplicand        cstackCOMRAM 00002B
___wmul@multiplier          cstackCOMRAM 000029
___wmul@product             cstackCOMRAM 00002D
__accesstop                 (abs)        000080
__activetblptr              (abs)        000002
__end_of_Delay2ms           text34       007092
__end_of_Delay40us          text35       007076
__end_of___aldiv            text11       0079A8
__end_of___awdiv            text22       0075F6
__end_of___awmod            text21       007532
__end_of___lwdiv            text9        007402
__end_of___wmul             text8        00711E
__end_of__initialization    cinit        0071D0
__end_of_adcRead1           text27       007224
__end_of_adcRead2           text26       00726E
__end_of_eventInit          text36       007024
__end_of_eventRead          text29       007482
__end_of_getAlarmLevel      text25       006FE0
__end_of_getLanguage        text24       006FBC
__end_of_getState           text28       006FB8
__end_of_getTime            text23       006FEA
__end_of_kpInit             text37       007016
__end_of_kpRead             text30       006FD6
__end_of_lcdCommand         text33       007170
__end_of_lcdData            text20       00705E
__end_of_lcdInit            text32       007322
__end_of_lcdInt             text19       00789C
__end_of_lcdIntAlarme       text18       0076C0
__end_of_lcdString          text17       0072C4
__end_of_main               text0        0071A4
__end_of_outputPrint        text16       007E4C
__end_of_pwmFrequency       text10       0070F8
__end_of_pwmInit            text31       007048
__end_of_pwmSet1            text7        00738E
__end_of_setAlarmLevel      text15       006FF4
__end_of_setLanguage        text14       006FFE
__end_of_setState           text13       006FC4
__end_of_setTime            text12       007008
__end_of_smLoop             text5        007BB2
__end_of_teste1             text6        0077A2
__end_of_timerInit          text4        006FCC
__end_of_timerReset         text3        0070D2
__end_of_timerWait          text2        007034
__end_of_valor@ssd$F238     mediumconst  007E5D
__end_of_varInit            text1        0070B0
__initialization            cinit        0071A4
__mediumconst               mediumconst  007E4C
__pbssCOMRAM                bssCOMRAM    000046
__pcinit                    cinit        0071A4
__pcstackCOMRAM             cstackCOMRAM 000029
__pdataCOMRAM               dataCOMRAM   000001
__pidataCOMRAM              idataCOMRAM  00711E
__pmediumconst              mediumconst  007E4C
__ptext0                    text0        007170
__ptext1                    text1        007092
__ptext10                   text10       0070D2
__ptext11                   text11       00789C
__ptext12                   text12       006FFE
__ptext13                   text13       006FBC
__ptext14                   text14       006FF4
__ptext15                   text15       006FEA
__ptext16                   text16       007BB2
__ptext17                   text17       00726E
__ptext18                   text18       0075F6
__ptext19                   text19       0077A2
__ptext2                    text2        007024
__ptext20                   text20       007048
__ptext21                   text21       007482
__ptext22                   text22       007532
__ptext23                   text23       006FE0
__ptext24                   text24       006FB8
__ptext25                   text25       006FD6
__ptext26                   text26       007224
__ptext27                   text27       0071DA
__ptext28                   text28       006FB4
__ptext29                   text29       007402
__ptext3                    text3        0070B0
__ptext30                   text30       006FCC
__ptext31                   text31       007034
__ptext32                   text32       0072C4
__ptext33                   text33       007146
__ptext34                   text34       007076
__ptext35                   text35       00705E
__ptext36                   text36       007016
__ptext37                   text37       007008
__ptext4                    text4        006FC4
__ptext5                    text5        0079A8
__ptext6                    text6        0076C0
__ptext7                    text7        007322
__ptext8                    text8        0070F8
__ptext9                    text9        00738E
__ramtop                    ramtop       000600
__size_of_Delay2ms          (abs)        000000
__size_of_Delay40us         (abs)        000000
__size_of___aldiv           (abs)        000000
__size_of___awdiv           (abs)        000000
__size_of___awmod           (abs)        000000
__size_of___lwdiv           (abs)        000000
__size_of___wmul            (abs)        000000
__size_of_adcRead1          (abs)        000000
__size_of_adcRead2          (abs)        000000
__size_of_eventInit         (abs)        000000
__size_of_eventRead         (abs)        000000
__size_of_getAlarmLevel     (abs)        000000
__size_of_getLanguage       (abs)        000000
__size_of_getState          (abs)        000000
__size_of_getTime           (abs)        000000
__size_of_kpInit            (abs)        000000
__size_of_kpRead            (abs)        000000
__size_of_lcdCommand        (abs)        000000
__size_of_lcdData           (abs)        000000
__size_of_lcdInit           (abs)        000000
__size_of_lcdInt            (abs)        000000
__size_of_lcdIntAlarme      (abs)        000000
__size_of_lcdString         (abs)        000000
__size_of_main              (abs)        000000
__size_of_outputPrint       (abs)        000000
__size_of_pwmFrequency      (abs)        000000
__size_of_pwmInit           (abs)        000000
__size_of_pwmSet1           (abs)        000000
__size_of_setAlarmLevel     (abs)        000000
__size_of_setLanguage       (abs)        000000
__size_of_setState          (abs)        000000
__size_of_setTime           (abs)        000000
__size_of_smLoop            (abs)        000000
__size_of_teste1            (abs)        000000
__size_of_timerInit         (abs)        000000
__size_of_timerReset        (abs)        000000
__size_of_timerWait         (abs)        000000
__size_of_varInit           (abs)        000000
__smallconst                smallconst   000000
_adcRead1                   text27       0071DA
_adcRead2                   text26       007224
_alarmLevel                 bssCOMRAM    000048
_alarmLevel1                bssCOMRAM    000046
_de                         bssCOMRAM    000057
_display                    bssCOMRAM    000056
_eventInit                  text36       007016
_eventRead                  text29       007402
_getAlarmLevel              text25       006FD6
_getLanguage                text24       006FB8
_getState                   text28       006FB4
_getTime                    text23       006FE0
_key_ant                    bssCOMRAM    00004E
_kpInit                     text37       007008
_kpRead                     text30       006FCC
_language                   bssCOMRAM    000050
_lcdCommand                 text33       007146
_lcdData                    text20       007048
_lcdInit                    text32       0072C4
_lcdInt                     text19       0077A2
_lcdIntAlarme               text18       0075F6
_lcdString                  text17       00726E
_main                       text0        007170
_msgs                       dataCOMRAM   000001
_outputPrint                text16       007BB2
_pwmFrequency               text10       0070D2
_pwmInit                    text31       007034
_pwmSet1                    text7        007322
_setAlarmLevel              text15       006FEA
_setLanguage                text14       006FF4
_setState                   text13       006FBC
_setTime                    text12       006FFE
_smLoop                     text5        0079A8
_smLoop$1211                cstackCOMRAM 000043
_state                      bssCOMRAM    000051
_teste1                     text6        0076C0
_time                       bssCOMRAM    00004A
_timerInit                  text4        006FC4
_timerReset                 text3        0070B0
_timerWait                  text2        007024
_v0                         bssCOMRAM    000055
_v1                         bssCOMRAM    000054
_v2                         bssCOMRAM    000053
_v3                         bssCOMRAM    000052
_valor@ssd$F238             mediumconst  007E4D
_varInit                    text1        007092
adcRead1@ADvalor            cstackCOMRAM 00002E
adcRead2@ADvalor            cstackCOMRAM 00002E
end_of_initialization       cinit        0071D0
eventRead@ev                cstackCOMRAM 00002C
eventRead@key               cstackCOMRAM 00002E
intlevel0                   text         000000
intlevel1                   text         000000
intlevel2                   text         000000
intlevel3                   text         000000
lcdCommand@cmd              cstackCOMRAM 00002B
lcdData@valor               cstackCOMRAM 00002A
lcdInt@val                  cstackCOMRAM 000037
lcdIntAlarme@val1           cstackCOMRAM 000037
lcdString@i                 cstackCOMRAM 00002F
lcdString@msg               cstackCOMRAM 00002B
outputPrint@idioma          cstackCOMRAM 00003B
outputPrint@numTela         cstackCOMRAM 000039
pwmFrequency@freq           cstackCOMRAM 000037
pwmSet1@porcento            cstackCOMRAM 000032
pwmSet1@val                 cstackCOMRAM 000033
setAlarmLevel@newAlarmLevel cstackCOMRAM 00002B
setLanguage@newLanguage     cstackCOMRAM 000029
setState@newState           cstackCOMRAM 000029
setTime@newTime             cstackCOMRAM 00002B
smLoop@evento               cstackCOMRAM 000045
stackhi                     (abs)        0005FF
stacklo                     (abs)        000080
start                       init         000000
start_initialization        cinit        0071A4
timerReset@ciclos           cstackCOMRAM 00002D
timerReset@tempo            cstackCOMRAM 00002B


FUNCTION INFORMATION:

 *************** function _main *****************
 Defined at:
		line 14 in file "main.c"
 Parameters:    Size  Location     Type
		None
 Auto vars:     Size  Location     Type
		None
 Return value:  Size  Location     Type
                  1    wreg      void 
 Registers used:
		wreg, fsr2l, fsr2h, status,2, status,0, tblptrl, tblptrh, tblptru, prodl, prodh, cstack
 Tracked objects:
		On entry : 
		On exit  : 
		Unchanged: 
 Data sizes:     COMRAM   BANK0   BANK1   BANK2   BANK3   BANK4   BANK5
      Params:         0       0       0       0       0       0       0
      Locals:         0       0       0       0       0       0       0
      Temps:          0       0       0       0       0       0       0
      Totals:         0       0       0       0       0       0       0
Total ram usage:        0 bytes
 Hardware stack levels required when called:    5
 This function calls:
		_eventInit
		_getTime
		_lcdInit
		_pwmInit
		_smLoop
		_timerInit
		_timerReset
		_timerWait
		_varInit
 This function is called by:
		Startup code after reset
 This function uses a non-reentrant model


 *************** function _varInit *****************
 Defined at:
		line 14 in file "var.c"
 Parameters:    Size  Location     Type
		None
 Auto vars:     Size  Location     Type
		None
 Return value:  Size  Location     Type
                  1    wreg      void 
 Registers used:
		wreg, status,2
 Tracked objects:
		On entry : 
		On exit  : 
		Unchanged: 
 Data sizes:     COMRAM   BANK0   BANK1   BANK2   BANK3   BANK4   BANK5
      Params:         0       0       0       0       0       0       0
      Locals:         0       0       0       0       0       0       0
      Temps:          0       0       0       0       0       0       0
      Totals:         0       0       0       0       0       0       0
Total ram usage:        0 bytes
 Hardware stack levels used:    1
 This function calls:
		Nothing
 This function is called by:
		_main
 This function uses a non-reentrant model


 *************** function _timerWait *****************
 Defined at:
		line 27 in file "timer.c"
 Parameters:    Size  Location     Type
		None
 Auto vars:     Size  Location     Type
		None
 Return value:  Size  Location     Type
                  1    wreg      void 
 Registers used:
		None
 Tracked objects:
		On entry : 
		On exit  : 
		Unchanged: 
 Data sizes:     COMRAM   BANK0   BANK1   BANK2   BANK3   BANK4   BANK5
      Params:         0       0       0       0       0       0       0
      Locals:         0       0       0       0       0       0       0
      Temps:          0       0       0       0       0       0       0
      Totals:         0       0       0       0       0       0       0
Total ram usage:        0 bytes
 Hardware stack levels used:    1
 This function calls:
		Nothing
 This function is called by:
		_main
 This function uses a non-reentrant model


 *************** function _timerReset *****************
 Defined at:
		line 33 in file "timer.c"
 Parameters:    Size  Location     Type
  tempo           2    2[COMRAM] unsigned int 
 Auto vars:     Size  Location     Type
  ciclos          2    4[COMRAM] unsigned int 
 Return value:  Size  Location     Type
                  1    wreg      void 
 Registers used:
		wreg, status,2, status,0
 Tracked objects:
		On entry : 
		On exit  : 
		Unchanged: 
 Data sizes:     COMRAM   BANK0   BANK1   BANK2   BANK3   BANK4   BANK5
      Params:         2       0       0       0       0       0       0
      Locals:         2       0       0       0       0       0       0
      Temps:          0       0       0       0       0       0       0
      Totals:         4       0       0       0       0       0       0
Total ram usage:        4 bytes
 Hardware stack levels used:    1
 This function calls:
		Nothing
 This function is called by:
		_main
 This function uses a non-reentrant model


 *************** function _timerInit *****************
 Defined at:
		line 46 in file "timer.c"
 Parameters:    Size  Location     Type
		None
 Auto vars:     Size  Location     Type
		None
 Return value:  Size  Location     Type
                  1    wreg      void 
 Registers used:
		wreg, status,2, status,0
 Tracked objects:
		On entry : 
		On exit  : 
		Unchanged: 
 Data sizes:     COMRAM   BANK0   BANK1   BANK2   BANK3   BANK4   BANK5
      Params:         0       0       0       0       0       0       0
      Locals:         0       0       0       0       0       0       0
      Temps:          0       0       0       0       0       0       0
      Totals:         0       0       0       0       0       0       0
Total ram usage:        0 bytes
 Hardware stack levels used:    1
 This function calls:
		Nothing
 This function is called by:
		_main
 This function uses a non-reentrant model


 *************** function _smLoop *****************
 Defined at:
		line 16 in file "stateMachine.c"
 Parameters:    Size  Location     Type
		None
 Auto vars:     Size  Location     Type
  evento          1   28[COMRAM] unsigned char 
 Return value:  Size  Location     Type
                  1    wreg      void 
 Registers used:
		wreg, fsr2l, fsr2h, status,2, status,0, tblptrl, tblptrh, tblptru, prodl, prodh, cstack
 Tracked objects:
		On entry : 
		On exit  : 
		Unchanged: 
 Data sizes:     COMRAM   BANK0   BANK1   BANK2   BANK3   BANK4   BANK5
      Params:         0       0       0       0       0       0       0
      Locals:         3       0       0       0       0       0       0
      Temps:          2       0       0       0       0       0       0
      Totals:         5       0       0       0       0       0       0
Total ram usage:        5 bytes
 Hardware stack levels used:    1
 Hardware stack levels required when called:    4
 This function calls:
		_eventRead
		_getAlarmLevel
		_getLanguage
		_getState
		_getTime
		_outputPrint
		_setAlarmLevel
		_setLanguage
		_setState
		_setTime
		_teste1
 This function is called by:
		_main
 This function uses a non-reentrant model


 *************** function _teste1 *****************
 Defined at:
		line 54 in file "var.c"
 Parameters:    Size  Location     Type
		None
 Auto vars:     Size  Location     Type
		None
 Return value:  Size  Location     Type
                  1    wreg      void 
 Registers used:
		wreg, status,2, status,0, prodl, prodh, cstack
 Tracked objects:
		On entry : 
		On exit  : 
		Unchanged: 
 Data sizes:     COMRAM   BANK0   BANK1   BANK2   BANK3   BANK4   BANK5
      Params:         0       0       0       0       0       0       0
      Locals:         0       0       0       0       0       0       0
      Temps:          3       0       0       0       0       0       0
      Totals:         3       0       0       0       0       0       0
Total ram usage:        3 bytes
 Hardware stack levels used:    1
 Hardware stack levels required when called:    2
 This function calls:
		_adcRead1
		_adcRead2
		_getAlarmLevel
		_pwmFrequency
		_pwmSet1
 This function is called by:
		_smLoop
 This function uses a non-reentrant model


 *************** function _pwmSet1 *****************
 Defined at:
		line 23 in file "pwm.c"
 Parameters:    Size  Location     Type
  porcento        1    wreg     unsigned char 
 Auto vars:     Size  Location     Type
  porcento        1    9[COMRAM] unsigned char 
  val             2   10[COMRAM] unsigned int 
 Return value:  Size  Location     Type
                  1    wreg      void 
 Registers used:
		wreg, status,2, status,0, prodl, prodh, cstack
 Tracked objects:
		On entry : 
		On exit  : 
		Unchanged: 
 Data sizes:     COMRAM   BANK0   BANK1   BANK2   BANK3   BANK4   BANK5
      Params:         0       0       0       0       0       0       0
      Locals:         3       0       0       0       0       0       0
      Temps:          2       0       0       0       0       0       0
      Totals:         5       0       0       0       0       0       0
Total ram usage:        5 bytes
 Hardware stack levels used:    1
 Hardware stack levels required when called:    1
 This function calls:
		___lwdiv
		___wmul
 This function is called by:
		_teste1
 This function uses a non-reentrant model


 *************** function ___wmul *****************
 Defined at:
		line 15 in file "C:\Program Files\Microchip\xc8\v2.20\pic\sources\c99\common\Umul16.c"
 Parameters:    Size  Location     Type
  multiplier      2    0[COMRAM] unsigned int 
  multiplicand    2    2[COMRAM] unsigned int 
 Auto vars:     Size  Location     Type
  product         2    4[COMRAM] unsigned int 
 Return value:  Size  Location     Type
                  2    0[COMRAM] unsigned int 
 Registers used:
		wreg, status,2, status,0, prodl, prodh
 Tracked objects:
		On entry : 
		On exit  : 
		Unchanged: 
 Data sizes:     COMRAM   BANK0   BANK1   BANK2   BANK3   BANK4   BANK5
      Params:         4       0       0       0       0       0       0
      Locals:         2       0       0       0       0       0       0
      Temps:          0       0       0       0       0       0       0
      Totals:         6       0       0       0       0       0       0
Total ram usage:        6 bytes
 Hardware stack levels used:    1
 This function calls:
		Nothing
 This function is called by:
		_pwmSet1
		_pwmSet2
 This function uses a non-reentrant model


 *************** function ___lwdiv *****************
 Defined at:
		line 7 in file "C:\Program Files\Microchip\xc8\v2.20\pic\sources\c99\common\lwdiv.c"
 Parameters:    Size  Location     Type
  dividend        2    0[COMRAM] unsigned int 
  divisor         2    2[COMRAM] unsigned int 
 Auto vars:     Size  Location     Type
  quotient        2    4[COMRAM] unsigned int 
  counter         1    6[COMRAM] unsigned char 
 Return value:  Size  Location     Type
                  2    0[COMRAM] unsigned int 
 Registers used:
		wreg, status,2, status,0
 Tracked objects:
		On entry : 
		On exit  : 
		Unchanged: 
 Data sizes:     COMRAM   BANK0   BANK1   BANK2   BANK3   BANK4   BANK5
      Params:         4       0       0       0       0       0       0
      Locals:         3       0       0       0       0       0       0
      Temps:          0       0       0       0       0       0       0
      Totals:         7       0       0       0       0       0       0
Total ram usage:        7 bytes
 Hardware stack levels used:    1
 This function calls:
		Nothing
 This function is called by:
		_pwmSet1
		_pwmSet2
 This function uses a non-reentrant model


 *************** function _pwmFrequency *****************
 Defined at:
		line 50 in file "pwm.c"
 Parameters:    Size  Location     Type
  freq            2   14[COMRAM] unsigned int 
 Auto vars:     Size  Location     Type
		None
 Return value:  Size  Location     Type
                  1    wreg      void 
 Registers used:
		wreg, status,2, status,0, cstack
 Tracked objects:
		On entry : 
		On exit  : 
		Unchanged: 
 Data sizes:     COMRAM   BANK0   BANK1   BANK2   BANK3   BANK4   BANK5
      Params:         2       0       0       0       0       0       0
      Locals:         0       0       0       0       0       0       0
      Temps:          0       0       0       0       0       0       0
      Totals:         2       0       0       0       0       0       0
Total ram usage:        2 bytes
 Hardware stack levels used:    1
 Hardware stack levels required when called:    1
 This function calls:
		___aldiv
 This function is called by:
		_teste1
 This function uses a non-reentrant model


 *************** function ___aldiv *****************
 Defined at:
		line 7 in file "C:\Program Files\Microchip\xc8\v2.20\pic\sources\c99\common\aldiv.c"
 Parameters:    Size  Location     Type
  dividend        4    0[COMRAM] long 
  divisor         4    4[COMRAM] long 
 Auto vars:     Size  Location     Type
  quotient        4   10[COMRAM] long 
  sign            1    9[COMRAM] unsigned char 
  counter         1    8[COMRAM] unsigned char 
 Return value:  Size  Location     Type
                  4    0[COMRAM] long 
 Registers used:
		wreg, status,2, status,0
 Tracked objects:
		On entry : 
		On exit  : 
		Unchanged: 
 Data sizes:     COMRAM   BANK0   BANK1   BANK2   BANK3   BANK4   BANK5
      Params:         8       0       0       0       0       0       0
      Locals:         6       0       0       0       0       0       0
      Temps:          0       0       0       0       0       0       0
      Totals:        14       0       0       0       0       0       0
Total ram usage:       14 bytes
 Hardware stack levels used:    1
 This function calls:
		Nothing
 This function is called by:
		_pwmFrequency
 This function uses a non-reentrant model


 *************** function _setTime *****************
 Defined at:
		line 33 in file "var.c"
 Parameters:    Size  Location     Type
  newTime         2    2[COMRAM] int 
 Auto vars:     Size  Location     Type
		None
 Return value:  Size  Location     Type
                  1    wreg      void 
 Registers used:
		None
 Tracked objects:
		On entry : 
		On exit  : 
		Unchanged: 
 Data sizes:     COMRAM   BANK0   BANK1   BANK2   BANK3   BANK4   BANK5
      Params:         2       0       0       0       0       0       0
      Locals:         0       0       0       0       0       0       0
      Temps:          0       0       0       0       0       0       0
      Totals:         2       0       0       0       0       0       0
Total ram usage:        2 bytes
 Hardware stack levels used:    1
 This function calls:
		Nothing
 This function is called by:
		_smLoop
 This function uses a non-reentrant model


 *************** function _setState *****************
 Defined at:
		line 25 in file "var.c"
 Parameters:    Size  Location     Type
  newState        1    wreg     unsigned char 
 Auto vars:     Size  Location     Type
  newState        1    0[COMRAM] unsigned char 
 Return value:  Size  Location     Type
                  1    wreg      void 
 Registers used:
		wreg
 Tracked objects:
		On entry : 
		On exit  : 
		Unchanged: 
 Data sizes:     COMRAM   BANK0   BANK1   BANK2   BANK3   BANK4   BANK5
      Params:         0       0       0       0       0       0       0
      Locals:         1       0       0       0       0       0       0
      Temps:          0       0       0       0       0       0       0
      Totals:         1       0       0       0       0       0       0
Total ram usage:        1 bytes
 Hardware stack levels used:    1
 This function calls:
		Nothing
 This function is called by:
		_smLoop
		_smInit
 This function uses a non-reentrant model


 *************** function _setLanguage *****************
 Defined at:
		line 72 in file "var.c"
 Parameters:    Size  Location     Type
  newLanguage     1    wreg     unsigned char 
 Auto vars:     Size  Location     Type
  newLanguage     1    0[COMRAM] unsigned char 
 Return value:  Size  Location     Type
                  1    wreg      void 
 Registers used:
		wreg, status,2, status,0
 Tracked objects:
		On entry : 
		On exit  : 
		Unchanged: 
 Data sizes:     COMRAM   BANK0   BANK1   BANK2   BANK3   BANK4   BANK5
      Params:         0       0       0       0       0       0       0
      Locals:         1       0       0       0       0       0       0
      Temps:          0       0       0       0       0       0       0
      Totals:         1       0       0       0       0       0       0
Total ram usage:        1 bytes
 Hardware stack levels used:    1
 This function calls:
		Nothing
 This function is called by:
		_smLoop
 This function uses a non-reentrant model


 *************** function _setAlarmLevel *****************
 Defined at:
		line 45 in file "var.c"
 Parameters:    Size  Location     Type
  newAlarmLeve    2    2[COMRAM] int 
 Auto vars:     Size  Location     Type
		None
 Return value:  Size  Location     Type
                  1    wreg      void 
 Registers used:
		None
 Tracked objects:
		On entry : 
		On exit  : 
		Unchanged: 
 Data sizes:     COMRAM   BANK0   BANK1   BANK2   BANK3   BANK4   BANK5
      Params:         2       0       0       0       0       0       0
      Locals:         0       0       0       0       0       0       0
      Temps:          0       0       0       0       0       0       0
      Totals:         2       0       0       0       0       0       0
Total ram usage:        2 bytes
 Hardware stack levels used:    1
 This function calls:
		Nothing
 This function is called by:
		_smLoop
 This function uses a non-reentrant model


 *************** function _outputPrint *****************
 Defined at:
		line 24 in file "output.c"
 Parameters:    Size  Location     Type
  numTela         2   16[COMRAM] int 
  idioma          2   18[COMRAM] int 
 Auto vars:     Size  Location     Type
		None
 Return value:  Size  Location     Type
                  1    wreg      void 
 Registers used:
		wreg, fsr2l, fsr2h, status,2, status,0, tblptrl, tblptrh, tblptru, cstack
 Tracked objects:
		On entry : 
		On exit  : 
		Unchanged: 
 Data sizes:     COMRAM   BANK0   BANK1   BANK2   BANK3   BANK4   BANK5
      Params:         4       0       0       0       0       0       0
      Locals:         0       0       0       0       0       0       0
      Temps:          4       0       0       0       0       0       0
      Totals:         8       0       0       0       0       0       0
Total ram usage:        8 bytes
 Hardware stack levels used:    1
 Hardware stack levels required when called:    3
 This function calls:
		_adcRead1
		_adcRead2
		_getAlarmLevel
		_getLanguage
		_getTime
		_lcdCommand
		_lcdInt
		_lcdIntAlarme
		_lcdString
 This function is called by:
		_smLoop
 This function uses a non-reentrant model


 *************** function _lcdString *****************
 Defined at:
		line 97 in file "lcd.c"
 Parameters:    Size  Location     Type
  msg             2    2[COMRAM] PTR unsigned char 
		 -> STR_29(17), STR_28(17), STR_27(17), STR_26(17), 
		 -> STR_25(12), STR_24(5), STR_23(4), STR_22(12), 
		 -> STR_21(12), STR_20(17), STR_19(17), STR_18(17), 
		 -> STR_17(17), STR_16(17), STR_15(17), STR_14(17), 
		 -> STR_13(17), STR_12(17), STR_11(17), STR_10(17), 
		 -> STR_9(17), STR_8(17), STR_7(17), STR_6(17), 
		 -> STR_5(17), STR_4(17), STR_3(17), STR_2(17), 
		 -> STR_1(17), 
 Auto vars:     Size  Location     Type
  i               2    6[COMRAM] int 
 Return value:  Size  Location     Type
                  1    wreg      void 
 Registers used:
		wreg, status,2, status,0, tblptrl, tblptrh, tblptru, cstack
 Tracked objects:
		On entry : 
		On exit  : 
		Unchanged: 
 Data sizes:     COMRAM   BANK0   BANK1   BANK2   BANK3   BANK4   BANK5
      Params:         2       0       0       0       0       0       0
      Locals:         2       0       0       0       0       0       0
      Temps:          2       0       0       0       0       0       0
      Totals:         6       0       0       0       0       0       0
Total ram usage:        6 bytes
 Hardware stack levels used:    1
 Hardware stack levels required when called:    2
 This function calls:
		_lcdData
 This function is called by:
		_outputPrint
 This function uses a non-reentrant model


 *************** function _lcdIntAlarme *****************
 Defined at:
		line 83 in file "lcd.c"
 Parameters:    Size  Location     Type
  val1            2   14[COMRAM] int 
 Auto vars:     Size  Location     Type
		None
 Return value:  Size  Location     Type
                  1    wreg      void 
 Registers used:
		wreg, status,2, status,0, cstack
 Tracked objects:
		On entry : 
		On exit  : 
		Unchanged: 
 Data sizes:     COMRAM   BANK0   BANK1   BANK2   BANK3   BANK4   BANK5
      Params:         2       0       0       0       0       0       0
      Locals:         0       0       0       0       0       0       0
      Temps:          0       0       0       0       0       0       0
      Totals:         2       0       0       0       0       0       0
Total ram usage:        2 bytes
 Hardware stack levels used:    1
 Hardware stack levels required when called:    2
 This function calls:
		___awdiv
		___awmod
		_lcdData
 This function is called by:
		_outputPrint
 This function uses a non-reentrant model


 *************** function _lcdInt *****************
 Defined at:
		line 71 in file "lcd.c"
 Parameters:    Size  Location     Type
  val             2   14[COMRAM] int 
 Auto vars:     Size  Location     Type
		None
 Return value:  Size  Location     Type
                  1    wreg      void 
 Registers used:
		wreg, status,2, status,0, cstack
 Tracked objects:
		On entry : 
		On exit  : 
		Unchanged: 
 Data sizes:     COMRAM   BANK0   BANK1   BANK2   BANK3   BANK4   BANK5
      Params:         2       0       0       0       0       0       0
      Locals:         0       0       0       0       0       0       0
      Temps:          0       0       0       0       0       0       0
      Totals:         2       0       0       0       0       0       0
Total ram usage:        2 bytes
 Hardware stack levels used:    1
 Hardware stack levels required when called:    2
 This function calls:
		___awdiv
		___awmod
		_lcdData
 This function is called by:
		_outputPrint
 This function uses a non-reentrant model


 *************** function _lcdData *****************
 Defined at:
		line 56 in file "lcd.c"
 Parameters:    Size  Location     Type
  valor           1    wreg     unsigned char 
 Auto vars:     Size  Location     Type
  valor           1    1[COMRAM] unsigned char 
 Return value:  Size  Location     Type
                  1    wreg      void 
 Registers used:
		wreg, status,2, status,0, cstack
 Tracked objects:
		On entry : 
		On exit  : 
		Unchanged: 
 Data sizes:     COMRAM   BANK0   BANK1   BANK2   BANK3   BANK4   BANK5
      Params:         0       0       0       0       0       0       0
      Locals:         1       0       0       0       0       0       0
      Temps:          0       0       0       0       0       0       0
      Totals:         1       0       0       0       0       0       0
Total ram usage:        1 bytes
 Hardware stack levels used:    1
 Hardware stack levels required when called:    1
 This function calls:
		_Delay40us
 This function is called by:
		_lcdInt
		_lcdIntAlarme
		_lcdString
		_printf
 This function uses a non-reentrant model


 *************** function ___awmod *****************
 Defined at:
		line 7 in file "C:\Program Files\Microchip\xc8\v2.20\pic\sources\c99\common\awmod.c"
 Parameters:    Size  Location     Type
  dividend        2    8[COMRAM] int 
  divisor         2   10[COMRAM] int 
 Auto vars:     Size  Location     Type
  sign            1   13[COMRAM] unsigned char 
  counter         1   12[COMRAM] unsigned char 
 Return value:  Size  Location     Type
                  2    8[COMRAM] int 
 Registers used:
		wreg, status,2, status,0
 Tracked objects:
		On entry : 
		On exit  : 
		Unchanged: 
 Data sizes:     COMRAM   BANK0   BANK1   BANK2   BANK3   BANK4   BANK5
      Params:         4       0       0       0       0       0       0
      Locals:         2       0       0       0       0       0       0
      Temps:          0       0       0       0       0       0       0
      Totals:         6       0       0       0       0       0       0
Total ram usage:        6 bytes
 Hardware stack levels used:    1
 This function calls:
		Nothing
 This function is called by:
		_lcdInt
		_lcdIntAlarme
		_rtcPutSeconds
		_rtcPutMinutes
		_rtcPutHours
		_rtcPutDate
		_rtcPutMonth
		_rtcPutYear
 This function uses a non-reentrant model


 *************** function ___awdiv *****************
 Defined at:
		line 7 in file "C:\Program Files\Microchip\xc8\v2.20\pic\sources\c99\common\awdiv.c"
 Parameters:    Size  Location     Type
  dividend        2    0[COMRAM] int 
  divisor         2    2[COMRAM] int 
 Auto vars:     Size  Location     Type
  quotient        2    6[COMRAM] int 
  sign            1    5[COMRAM] unsigned char 
  counter         1    4[COMRAM] unsigned char 
 Return value:  Size  Location     Type
                  2    0[COMRAM] int 
 Registers used:
		wreg, status,2, status,0
 Tracked objects:
		On entry : 
		On exit  : 
		Unchanged: 
 Data sizes:     COMRAM   BANK0   BANK1   BANK2   BANK3   BANK4   BANK5
      Params:         4       0       0       0       0       0       0
      Locals:         4       0       0       0       0       0       0
      Temps:          0       0       0       0       0       0       0
      Totals:         8       0       0       0       0       0       0
Total ram usage:        8 bytes
 Hardware stack levels used:    1
 This function calls:
		Nothing
 This function is called by:
		_lcdInt
		_lcdIntAlarme
		_rtcPutSeconds
		_rtcPutMinutes
		_rtcPutHours
		_rtcPutDate
		_rtcPutMonth
		_rtcPutYear
 This function uses a non-reentrant model


 *************** function _getTime *****************
 Defined at:
		line 29 in file "var.c"
 Parameters:    Size  Location     Type
		None
 Auto vars:     Size  Location     Type
		None
 Return value:  Size  Location     Type
                  2    0[COMRAM] int 
 Registers used:
		None
 Tracked objects:
		On entry : 
		On exit  : 
		Unchanged: 
 Data sizes:     COMRAM   BANK0   BANK1   BANK2   BANK3   BANK4   BANK5
      Params:         2       0       0       0       0       0       0
      Locals:         0       0       0       0       0       0       0
      Temps:          0       0       0       0       0       0       0
      Totals:         2       0       0       0       0       0       0
Total ram usage:        2 bytes
 Hardware stack levels used:    1
 This function calls:
		Nothing
 This function is called by:
		_main
		_outputPrint
		_smLoop
 This function uses a non-reentrant model


 *************** function _getLanguage *****************
 Defined at:
		line 68 in file "var.c"
 Parameters:    Size  Location     Type
		None
 Auto vars:     Size  Location     Type
		None
 Return value:  Size  Location     Type
                  1    wreg      unsigned char 
 Registers used:
		wreg, status,2
 Tracked objects:
		On entry : 
		On exit  : 
		Unchanged: 
 Data sizes:     COMRAM   BANK0   BANK1   BANK2   BANK3   BANK4   BANK5
      Params:         0       0       0       0       0       0       0
      Locals:         0       0       0       0       0       0       0
      Temps:          0       0       0       0       0       0       0
      Totals:         0       0       0       0       0       0       0
Total ram usage:        0 bytes
 Hardware stack levels used:    1
 This function calls:
		Nothing
 This function is called by:
		_outputPrint
		_smLoop
 This function uses a non-reentrant model


 *************** function _getAlarmLevel *****************
 Defined at:
		line 37 in file "var.c"
 Parameters:    Size  Location     Type
		None
 Auto vars:     Size  Location     Type
		None
 Return value:  Size  Location     Type
                  2    0[COMRAM] int 
 Registers used:
		None
 Tracked objects:
		On entry : 
		On exit  : 
		Unchanged: 
 Data sizes:     COMRAM   BANK0   BANK1   BANK2   BANK3   BANK4   BANK5
      Params:         2       0       0       0       0       0       0
      Locals:         0       0       0       0       0       0       0
      Temps:          0       0       0       0       0       0       0
      Totals:         2       0       0       0       0       0       0
Total ram usage:        2 bytes
 Hardware stack levels used:    1
 This function calls:
		Nothing
 This function is called by:
		_outputPrint
		_smLoop
		_teste1
 This function uses a non-reentrant model


 *************** function _adcRead2 *****************
 Defined at:
		line 25 in file "adc.c"
 Parameters:    Size  Location     Type
		None
 Auto vars:     Size  Location     Type
  ADvalor         2    5[COMRAM] unsigned int 
 Return value:  Size  Location     Type
                  2    0[COMRAM] int 
 Registers used:
		wreg, status,2, status,0
 Tracked objects:
		On entry : 
		On exit  : 
		Unchanged: 
 Data sizes:     COMRAM   BANK0   BANK1   BANK2   BANK3   BANK4   BANK5
      Params:         2       0       0       0       0       0       0
      Locals:         2       0       0       0       0       0       0
      Temps:          3       0       0       0       0       0       0
      Totals:         7       0       0       0       0       0       0
Total ram usage:        7 bytes
 Hardware stack levels used:    1
 This function calls:
		Nothing
 This function is called by:
		_outputPrint
		_teste1
 This function uses a non-reentrant model


 *************** function _adcRead1 *****************
 Defined at:
		line 12 in file "adc.c"
 Parameters:    Size  Location     Type
		None
 Auto vars:     Size  Location     Type
  ADvalor         2    5[COMRAM] unsigned int 
 Return value:  Size  Location     Type
                  2    0[COMRAM] int 
 Registers used:
		wreg, status,2, status,0
 Tracked objects:
		On entry : 
		On exit  : 
		Unchanged: 
 Data sizes:     COMRAM   BANK0   BANK1   BANK2   BANK3   BANK4   BANK5
      Params:         2       0       0       0       0       0       0
      Locals:         2       0       0       0       0       0       0
      Temps:          3       0       0       0       0       0       0
      Totals:         7       0       0       0       0       0       0
Total ram usage:        7 bytes
 Hardware stack levels used:    1
 This function calls:
		Nothing
 This function is called by:
		_outputPrint
		_teste1
 This function uses a non-reentrant model


 *************** function _getState *****************
 Defined at:
		line 21 in file "var.c"
 Parameters:    Size  Location     Type
		None
 Auto vars:     Size  Location     Type
		None
 Return value:  Size  Location     Type
                  1    wreg      unsigned char 
 Registers used:
		wreg, status,2
 Tracked objects:
		On entry : 
		On exit  : 
		Unchanged: 
 Data sizes:     COMRAM   BANK0   BANK1   BANK2   BANK3   BANK4   BANK5
      Params:         0       0       0       0       0       0       0
      Locals:         0       0       0       0       0       0       0
      Temps:          0       0       0       0       0       0       0
      Totals:         0       0       0       0       0       0       0
Total ram usage:        0 bytes
 Hardware stack levels used:    1
 This function calls:
		Nothing
 This function is called by:
		_smLoop
 This function uses a non-reentrant model


 *************** function _eventRead *****************
 Defined at:
		line 12 in file "event.c"
 Parameters:    Size  Location     Type
		None
 Auto vars:     Size  Location     Type
  key             2    5[COMRAM] int 
  ev              2    3[COMRAM] int 
 Return value:  Size  Location     Type
                  2    0[COMRAM] unsigned int 
 Registers used:
		wreg, status,2, status,0, cstack
 Tracked objects:
		On entry : 
		On exit  : 
		Unchanged: 
 Data sizes:     COMRAM   BANK0   BANK1   BANK2   BANK3   BANK4   BANK5
      Params:         2       0       0       0       0       0       0
      Locals:         4       0       0       0       0       0       0
      Temps:          1       0       0       0       0       0       0
      Totals:         7       0       0       0       0       0       0
Total ram usage:        7 bytes
 Hardware stack levels used:    1
 Hardware stack levels required when called:    1
 This function calls:
		_kpRead
 This function is called by:
		_smLoop
 This function uses a non-reentrant model


 *************** function _kpRead *****************
 Defined at:
		line 29 in file "keypad.c"
 Parameters:    Size  Location     Type
		None
 Auto vars:     Size  Location     Type
		None
 Return value:  Size  Location     Type
                  1    wreg      unsigned char 
 Registers used:
		wreg, status,2, status,0
 Tracked objects:
		On entry : 
		On exit  : 
		Unchanged: 
 Data sizes:     COMRAM   BANK0   BANK1   BANK2   BANK3   BANK4   BANK5
      Params:         0       0       0       0       0       0       0
      Locals:         0       0       0       0       0       0       0
      Temps:          0       0       0       0       0       0       0
      Totals:         0       0       0       0       0       0       0
Total ram usage:        0 bytes
 Hardware stack levels used:    1
 This function calls:
		Nothing
 This function is called by:
		_eventRead
 This function uses a non-reentrant model


 *************** function _pwmInit *****************
 Defined at:
		line 56 in file "pwm.c"
 Parameters:    Size  Location     Type
		None
 Auto vars:     Size  Location     Type
		None
 Return value:  Size  Location     Type
                  1    wreg      void 
 Registers used:
		wreg, status,2, status,0
 Tracked objects:
		On entry : 
		On exit  : 
		Unchanged: 
 Data sizes:     COMRAM   BANK0   BANK1   BANK2   BANK3   BANK4   BANK5
      Params:         0       0       0       0       0       0       0
      Locals:         0       0       0       0       0       0       0
      Temps:          0       0       0       0       0       0       0
      Totals:         0       0       0       0       0       0       0
Total ram usage:        0 bytes
 Hardware stack levels used:    1
 This function calls:
		Nothing
 This function is called by:
		_main
 This function uses a non-reentrant model


 *************** function _lcdInit *****************
 Defined at:
		line 105 in file "lcd.c"
 Parameters:    Size  Location     Type
		None
 Auto vars:     Size  Location     Type
		None
 Return value:  Size  Location     Type
                  1    wreg      void 
 Registers used:
		wreg, status,2, status,0, cstack
 Tracked objects:
		On entry : 
		On exit  : 
		Unchanged: 
 Data sizes:     COMRAM   BANK0   BANK1   BANK2   BANK3   BANK4   BANK5
      Params:         0       0       0       0       0       0       0
      Locals:         0       0       0       0       0       0       0
      Temps:          0       0       0       0       0       0       0
      Totals:         0       0       0       0       0       0       0
Total ram usage:        0 bytes
 Hardware stack levels used:    1
 Hardware stack levels required when called:    3
 This function calls:
		_Delay2ms
		_lcdCommand
 This function is called by:
		_main
 This function uses a non-reentrant model


 *************** function _lcdCommand *****************
 Defined at:
		line 40 in file "lcd.c"
 Parameters:    Size  Location     Type
  cmd             1    wreg     unsigned char 
 Auto vars:     Size  Location     Type
  cmd             1    2[COMRAM] unsigned char 
 Return value:  Size  Location     Type
                  1    wreg      void 
 Registers used:
		wreg, status,2, status,0, cstack
 Tracked objects:
		On entry : 
		On exit  : 
		Unchanged: 
 Data sizes:     COMRAM   BANK0   BANK1   BANK2   BANK3   BANK4   BANK5
      Params:         0       0       0       0       0       0       0
      Locals:         1       0       0       0       0       0       0
      Temps:          0       0       0       0       0       0       0
      Totals:         1       0       0       0       0       0       0
Total ram usage:        1 bytes
 Hardware stack levels used:    1
 Hardware stack levels required when called:    2
 This function calls:
		_Delay2ms
		_Delay40us
 This function is called by:
		_lcdInit
		_outputPrint
 This function uses a non-reentrant model


 *************** function _Delay2ms *****************
 Defined at:
		line 33 in file "lcd.c"
 Parameters:    Size  Location     Type
		None
 Auto vars:     Size  Location     Type
  i               1    1[COMRAM] unsigned char 
 Return value:  Size  Location     Type
                  1    wreg      void 
 Registers used:
		wreg, status,2, status,0, cstack
 Tracked objects:
		On entry : 
		On exit  : 
		Unchanged: 
 Data sizes:     COMRAM   BANK0   BANK1   BANK2   BANK3   BANK4   BANK5
      Params:         0       0       0       0       0       0       0
      Locals:         1       0       0       0       0       0       0
      Temps:          0       0       0       0       0       0       0
      Totals:         1       0       0       0       0       0       0
Total ram usage:        1 bytes
 Hardware stack levels used:    1
 Hardware stack levels required when called:    1
 This function calls:
		_Delay40us
 This function is called by:
		_lcdCommand
		_lcdInit
 This function uses a non-reentrant model


 *************** function _Delay40us *****************
 Defined at:
		line 28 in file "lcd.c"
 Parameters:    Size  Location     Type
		None
 Auto vars:     Size  Location     Type
  i               1    0[COMRAM] unsigned char 
 Return value:  Size  Location     Type
                  1    wreg      void 
 Registers used:
		wreg, status,2, status,0
 Tracked objects:
		On entry : 
		On exit  : 
		Unchanged: 
 Data sizes:     COMRAM   BANK0   BANK1   BANK2   BANK3   BANK4   BANK5
      Params:         0       0       0       0       0       0       0
      Locals:         1       0       0       0       0       0       0
      Temps:          0       0       0       0       0       0       0
      Totals:         1       0       0       0       0       0       0
Total ram usage:        1 bytes
 Hardware stack levels used:    1
 This function calls:
		Nothing
 This function is called by:
		_Delay2ms
		_lcdCommand
		_lcdData
 This function uses a non-reentrant model


 *************** function _eventInit *****************
 Defined at:
		line 7 in file "event.c"
 Parameters:    Size  Location     Type
		None
 Auto vars:     Size  Location     Type
		None
 Return value:  Size  Location     Type
                  1    wreg      void 
 Registers used:
		wreg, status,2, status,0, cstack
 Tracked objects:
		On entry : 
		On exit  : 
		Unchanged: 
 Data sizes:     COMRAM   BANK0   BANK1   BANK2   BANK3   BANK4   BANK5
      Params:         0       0       0       0       0       0       0
      Locals:         0       0       0       0       0       0       0
      Temps:          0       0       0       0       0       0       0
      Totals:         0       0       0       0       0       0       0
Total ram usage:        0 bytes
 Hardware stack levels used:    1
 Hardware stack levels required when called:    1
 This function calls:
		_kpInit
 This function is called by:
		_main
 This function uses a non-reentrant model


 *************** function _kpInit *****************
 Defined at:
		line 35 in file "keypad.c"
 Parameters:    Size  Location     Type
		None
 Auto vars:     Size  Location     Type
		None
 Return value:  Size  Location     Type
                  1    wreg      void 
 Registers used:
		wreg, status,2, status,0
 Tracked objects:
		On entry : 
		On exit  : 
		Unchanged: 
 Data sizes:     COMRAM   BANK0   BANK1   BANK2   BANK3   BANK4   BANK5
      Params:         0       0       0       0       0       0       0
      Locals:         0       0       0       0       0       0       0
      Temps:          0       0       0       0       0       0       0
      Totals:         0       0       0       0       0       0       0
Total ram usage:        0 bytes
 Hardware stack levels used:    1
 This function calls:
		Nothing
 This function is called by:
		_eventInit
 This function uses a non-reentrant model



MODULE INFORMATION

Module		Function		Class		Link	Load	Size
stateMachine.c
		_smLoop        		CODE           	79A8	0000	523

stateMachine.c estimated size: 523

keypad.c
		_kpInit        		CODE           	7008	0000	15
		_kpRead        		CODE           	6FCC	0000	11

keypad.c estimated size: 26

var.c
		_getLanguage   		CODE           	6FB8	0000	5
		_setLanguage   		CODE           	6FF4	0000	11
		_getAlarmLevel 		CODE           	6FD6	0000	11
		_varInit       		CODE           	7092	0000	31
		_setAlarmLevel 		CODE           	6FEA	0000	11
		_getState      		CODE           	6FB4	0000	5
		_getTime       		CODE           	6FE0	0000	11
		_teste1        		CODE           	76C0	0000	227
		_setState      		CODE           	6FBC	0000	9
		_setTime       		CODE           	6FFE	0000	11

var.c estimated size: 332

timer.c
		_timerWait     		CODE           	7024	0000	17
		_timerReset    		CODE           	70B0	0000	35
		_timerInit     		CODE           	6FC4	0000	9

timer.c estimated size: 61

C:\Program Files\Microchip\xc8\v2.20\pic\sources\c99\common\Umul16.c
		___wmul        		CODE           	70F8	0000	39

C:\Program Files\Microchip\xc8\v2.20\pic\sources\c99\common\Umul16.c estimated size: 39

pwm.c
		_pwmInit       		CODE           	7034	0000	21
		_pwmSet1       		CODE           	7322	0000	109
		_pwmFrequency  		CODE           	70D2	0000	39

pwm.c estimated size: 169

adc.c
		_adcRead1      		CODE           	71DA	0000	75
		_adcRead2      		CODE           	7224	0000	75

adc.c estimated size: 150

output.c
		_outputPrint   		CODE           	7BB2	0000	667

output.c estimated size: 667

C:\Program Files\Microchip\xc8\v2.20\pic\sources\c99\common\awmod.c
		___awmod       		CODE           	7482	0000	177

C:\Program Files\Microchip\xc8\v2.20\pic\sources\c99\common\awmod.c estimated size: 177

shared
		__initialization		CODE           	71A4	0000	45
		_valor@ssd$F238		MEDIUMCONST    	7E4D	0000	17

shared estimated size: 62

lcd.c
		_lcdCommand    		CODE           	7146	0000	43
		_lcdString     		CODE           	726E	0000	87
		_lcdIntAlarme  		CODE           	75F6	0000	203
		_Delay40us     		CODE           	705E	0000	25
		_lcdInt        		CODE           	77A2	0000	251
		_lcdInit       		CODE           	72C4	0000	95
		_lcdData       		CODE           	7048	0000	23
		_Delay2ms      		CODE           	7076	0000	29

lcd.c estimated size: 756

C:\Program Files\Microchip\xc8\v2.20\pic\sources\c99\common\lwdiv.c
		___lwdiv       		CODE           	738E	0000	117

C:\Program Files\Microchip\xc8\v2.20\pic\sources\c99\common\lwdiv.c estimated size: 117

event.c
		_eventRead     		CODE           	7402	0000	129
		_eventInit     		CODE           	7016	0000	15

event.c estimated size: 144

C:\Program Files\Microchip\xc8\v2.20\pic\sources\c99\common\awdiv.c
		___awdiv       		CODE           	7532	0000	197

C:\Program Files\Microchip\xc8\v2.20\pic\sources\c99\common\awdiv.c estimated size: 197

main.c
		_main          		CODE           	7170	0000	53

main.c estimated size: 53

C:\Program Files\Microchip\xc8\v2.20\pic\sources\c99\common\aldiv.c
		___aldiv       		CODE           	789C	0000	269

C:\Program Files\Microchip\xc8\v2.20\pic\sources\c99\common\aldiv.c estimated size: 269

